0 Drive_Fast, No_AC
1
2
3 Crash_A_Lot
5 Crash_A_Lot
7 Crash_A_Lot
